// Vitest Snapshot v1, https://vitest.dev/guide/snapshot.html

exports[`passes a snapshot test 1`] = `
<div
  class="_endGameStats_8328d1"
  data-testid="test-stats"
>
  <div
    class="_container_e52bf8"
  >
    <div
      class="_buttons_e52bf8"
    >
      <div
        class="_buttonDiv_e52bf8"
      >
        Main Menu
      </div>
      <div
        class="_buttonDiv_e52bf8"
      >
        Quick Rematch (no sideboarding)
      </div>
      <div
        class="_buttonDiv_e52bf8"
      >
        Full Rematch (new sideboard)
      </div>
    </div>
  </div>
  <div
    class="_twoColumn_8328d1"
  >
    <div>
      <h2>
        Card Play Stats
      </h2>
      <table
        class="_cardTable_8328d1"
      >
        <thead>
          <tr>
            <th>
              Img
            </th>
            <th>
              Card Name
            </th>
            <th>
              Played
            </th>
            <th>
              Blocked
            </th>
            <th>
              Pitched
            </th>
          </tr>
        </thead>
        <tbody>
          <tr>
            <td
              class="_card_8328d1"
            >
              <div
                class="_effect_159bb8"
              >
                <img
                  class="_img_159bb8"
                  src="/crops/ELE146_cropped.png"
                />
              </div>
            </td>
            <td
              class="_onePitch_8328d1"
            >
              test card name one 
            </td>
            <td
              class="_played_8328d1"
            >
              0
            </td>
            <td
              class="_blocked_8328d1"
            >
              0
            </td>
            <td
              class="_pitched_8328d1"
            >
              0
            </td>
          </tr>
          <tr>
            <td
              class="_card_8328d1"
            >
              <div
                class="_effect_159bb8"
              >
                <img
                  class="_img_159bb8"
                  src="/crops/ELE123_cropped.png"
                />
              </div>
            </td>
            <td
              class="_threePitch_8328d1"
            >
              test card name two
            </td>
            <td
              class="_played_8328d1"
            >
              0
            </td>
            <td
              class="_blocked_8328d1"
            >
              0
            </td>
            <td
              class="_pitched_8328d1"
            >
              0
            </td>
          </tr>
        </tbody>
      </table>
    </div>
    <div>
      <h3>
        Game Time
      </h3>
      <p>
        Your time: 
        0:00
      </p>
      <p>
        Total game time: 
        0:00
      </p>
      <h3>
        Turn Stats
      </h3>
      <p
        style="margin-bottom: 1em;"
      >
        <em>
          First turn omitted for first player
        </em>
        <br />
         Total Damage Threatened: 
        <br />
        Total Damage Dealt: 
        <br />
        Average Damage Threatened per turn:
         
        <br />
        Average Damage Dealt per turn: 
        <br />
        Average damage threatened per offensive card:
         
        <br />
        Average Resources Used per turn: 
        <br />
        Average Cards Left Over per turn: 
        <br />
        Average Value per turn (Damage threatened + block):
         
      </p>
      <table
        class="_cardTable_8328d1"
      >
        <thead>
          <tr>
            <th>
              Turn Number
            </th>
            <th>
              Cards Played
            </th>
            <th>
              Cards Blocked
            </th>
            <th>
              Cards Pitched
            </th>
            <th>
              Resources Used
            </th>
            <th>
              Resources Left
            </th>
            <th>
              Cards Left
            </th>
            <th>
              Damage Dealt
            </th>
            <th>
              Damage Taken
            </th>
          </tr>
        </thead>
        <tbody>
          <tr>
            <td
              class="_turnNo_8328d1"
            >
              1
            </td>
            <td
              class="_played_8328d1"
            >
              2
            </td>
            <td
              class="_blocked_8328d1"
            >
              3
            </td>
            <td
              class="_pitched_8328d1"
            >
              2
            </td>
            <td
              class="_pitched_8328d1"
            >
              6
            </td>
            <td
              class="_pitched_8328d1"
            />
            <td
              class="_pitched_8328d1"
            >
              1
            </td>
            <td
              class="_pitched_8328d1"
            >
              4
            </td>
            <td
              class="_pitched_8328d1"
            >
              6
            </td>
          </tr>
          <tr>
            <td
              class="_turnNo_8328d1"
            >
              2
            </td>
            <td
              class="_played_8328d1"
            >
              1
            </td>
            <td
              class="_blocked_8328d1"
            >
              2
            </td>
            <td
              class="_pitched_8328d1"
            >
              0
            </td>
            <td
              class="_pitched_8328d1"
            >
              0
            </td>
            <td
              class="_pitched_8328d1"
            />
            <td
              class="_pitched_8328d1"
            >
              0
            </td>
            <td
              class="_pitched_8328d1"
            >
              0
            </td>
            <td
              class="_pitched_8328d1"
            >
              7
            </td>
          </tr>
        </tbody>
      </table>
    </div>
  </div>
</div>
`;
